================================================================================
PHASE 8 P1 — Storage-Chain Smoke Test Evidence
Design authority: docs/14-boot-storage-architecture.md
Plan: docs/plans/phase8-storage.md (P1)
Date: 2026-08-03
================================================================================

SUMMARY: The Tier-0 runtime disk-read chain is PROVEN on base-sel4 for both
AHCI and NVMe storage variants. The ext2 GENODE partition is mounted via
rump, served as ROMs by cached_fs_rom, and read back by boot_probe with
exact byte validation. The failure path is bounded and stage-identified.

================================================================================
1. dde_rump PORT PREPARATION (acceptance gate 1)
================================================================================

Command:  cd genode && ./tool/ports/prepare_port dde_rump
Result:   SUCCESS
Hash:     19d6de3e1210c7f1c033d46d4178694d263cf0c1
Contrib:  genode/contrib/dde_rump-19d6de3e1210c7f1c033d46d4178694d263cf0c1
docs/11:  Row added to §5 (Third-Party Ports table)
Build:    tool/build.mojo updated — dde_rump added to port_list() and the
          managed REPOSITORIES block. genode/build/x86_64/etc/build.conf
          now includes REPOSITORIES += .../repos/dde_rump.

The port did NOT fail. The fallback (vfs_fatfs) was NOT needed.

================================================================================
2. AHCI VARIANT — boot-probe: PASS (acceptance gate 2, run twice)
================================================================================

Invocation:
  make -C genode/build/x86_64 run/sponge-boot \
      KERNEL=sel4 BOARD=pc \
      RUN_OPT="--include power_on/qemu --include log/qemu \
               --include boot_dir/sel4 --include image/disk"

QEMU drive attach line (proves the .img is the AHCI-attached boot disk):
  qemu-system-x86_64 -nographic -m 1G -serial mon:stdio \
      -drive format=raw,file=var/run/sponge-boot.img \
      -machine q35 -cpu Skylake-Client \
      -net nic,model=e1000,netdev=net0 -netdev user,id=net0

Run 1 — FULL BOOT-CHAIN LOG (driver bound → partition found → ext2 mounted
→ marker content):
---
  Genode 26.05
  693 MiB RAM and 523288 caps assigned to init
  [init -> ahci] --- Starting AHCI driver ---
  [init -> ahci] version: major=0x1 minor=0x0
  [init -> ahci] command slots: 32
  [init -> ahci] native command queuing: yes
  [init -> ahci] 64-bit support: yes
  [init -> ahci] port scan:
  [init -> ahci]         #0: ATA                 ← STORAGE DRIVER BOUND
  [init -> ahci]         #1:  off (unknown device signature)
  [init -> ahci]         #2: off (ATAPI)
  [init -> ahci]         #3:  off (unknown device signature)
  [init -> ahci]         #4:  off (unknown device signature)
  [init -> ahci]         #5:  off (unknown device signature)
  [init -> part_block] GPT Partition 1: LBA 40 (101 blocks) ... 'BIOSBOOT'
  [init -> part_block] GPT Partition 2: LBA 141 (4515 blocks) ... 'GRUB2'
  [init -> part_block] GPT Partition 3: LBA 4952 (23152 blocks) \
      type: '0fc63daf-8483-4772-8e79-3d69d8477de4' name: 'GENODE'  ← PARTITION FOUND (pinned by number 3)
  [init -> boot_probe] boot-probe: PASS (22 bytes: "sponge-boot-marker-v1.")
      ← EXT2 MOUNTED (no error from vfs/rump = success) + MARKER CONTENT EXACT
  Run script execution successful.
---

Marker bytes from the guest log (adversarial: misleading_success_output):
  Actual bytes read from disk: "sponge-boot-marker-v1" (22 bytes, no trailing
  newline). The probe prints them in the PASS line and the run_genode_until
  regex matches both "boot-probe: PASS" AND the marker string itself — a bare
  exit 0 is NOT accepted.

Run 2 — PASS (identical chain, fresh var/run between runs per stale_state):
  [init -> boot_probe] boot-probe: PASS (22 bytes: "sponge-boot-marker-v1.")
  Run script execution successful.

================================================================================
3. NVMe VARIANT — boot-probe: PASS (acceptance gate 3)
================================================================================

Invocation:
  SPONGE_BOOT_NVME=1 make -C genode/build/x86_64 run/sponge-boot \
      KERNEL=sel4 BOARD=pc RUN_OPT="--include image/disk ..."

QEMU drive attach line (proves the NVMe device is a separate disk):
  qemu-system-x86_64 ... -device pcie-root-port,id=root_port1 \
      -drive id=disk0,file=bin/nvme_disk.img,format=raw,if=none \
      -device nvme,drive=disk0,serial=fnord,id=nvme0,bus=root_port1 \
      -drive format=raw,file=var/run/sponge-boot.img \
      -machine q35 ...

The boot .img auto-attaches to AHCI (boot media only); the NVMe disk
(bin/nvme_disk.img, a separate 32 MiB GPT disk with P3 GENODE ext2) is
the storage target.

NVMe PASS line:
  [init -> nvme] NVMe:1.4.0 serial:'fnord' model:'QEMU NVMe Ctrl' frev:'11.0.2  '
  [init -> nvme] Block size: 512 count: 65536 I/O entries: 512
  [init -> part_block] GPT Partition 3: ... name: 'GENODE'
  [init -> boot_probe] boot-probe: PASS (22 bytes: "sponge-boot-marker-v1.")
  Run script execution successful.

================================================================================
4. FAILURE PATH — bounded, stage-identified (acceptance gate 4)
================================================================================

Method: Built a normal .img, extracted P3, removed /system/marker.txt via
e2rm, wrote P3 back. Booted QEMU against the modified image with a 90s
timeout (no run_genode_until — manual QEMU invocation).

Result: The failure was IDENTIFIED at the "rom_fetch" stage and BOUNDED
(the probe stopped immediately — no silent hang):

  [init -> ahci]         #0: ATA                           ← driver OK
  [init -> part_block] GPT Partition 3: ... 'GENODE'        ← partition OK
  [init -> vfs] rump: /genode: file system not clean; please fsck(8)
                                                          ← mount WARNING (mounted anyway)
  [init -> cached_fs_rom] Error: /marker.txt not found     ← STAGE IDENTIFIED: rom_fetch
  [init -> boot_probe] Error: stop because parent denied ROM-session: \
      label="marker.txt", , ram_quota=6K, cap_quota=3      ← PROBE STOPPED (bounded)
  qemu-system-x86_64: terminating on signal 15 (timeout)   ← 90s hard bound

The probe did NOT hang — it received the ROM-session denial and exited.
Init kept running (other components alive); the 90s timeout killed QEMU.

================================================================================
5. VARIANT RECOMMENDATION (product-media primary)
================================================================================

RECOMMENDATION: AHCI as the product-media primary.

Rationale:

1. **Single-disk simplicity.** With AHCI, the boot media IS the storage
   target. image/disk's auto-attach (`-drive format=raw,file=X`) lands on
   the q35 AHCI controller; the ahci driver binds it; part_block reads P3
   from the same disk GRUB booted from. One disk, one controller, one
   Block session. The NVMe variant required a SEPARATE disk image
   (bin/nvme_disk.img) attached via -device nvme — the boot .img on AHCI
   is only the boot media, and its P3 goes unused. This complicates media
   creation (tool/dist must produce TWO disk images or a hybrid layout).

2. **Boot-from-storage.** Real USB media presents as AHCI/SATA to the
   firmware. SeaBIOS (the default q35 firmware) boots from AHCI but NOT
   from NVMe. An NVMe-primary product would require UEFI (OVMF) firmware,
   adding a host dependency and a different boot path. AHCI-primary keeps
   the BIOS + GRUB chain that the Alpha already uses.

3. **Both work on seL4.** docs/14 §11 risk 1 flagged ahci on base-sel4 as
   "analogy-proven, not demonstrated." P1 has now DEMONSTRATED it: two
   consecutive PASS runs with exact byte validation. The NVMe driver
   (already seL4-proven via nvme.run) also passes, confirming the docs/14
   §3 risk assessment.

4. **NVMe remains the escape hatch for real hardware.** On real PCs with
   NVMe-only storage (no AHCI/SATA ports), the NVMe variant is the path.
   The run script's `SPONGE_BOOT_NVME=1` switch documents this: the same
   scenario, the same chain, just a different Block driver and QEMU attach
   line. P2+ should verify the NVMe path on real hardware before locking
   it as the primary for a specific device target.

docs/14 §11 risk 1 mitigation status: CLOSED for AHCI (demonstrated on
seL4). NVMe also demonstrated (was already proven via nvme.run).

================================================================================
6. ADVERSARIAL CLASS ADDRESSES
================================================================================

misleading_success_output:
  - The run_genode_until regex matches BOTH "boot-probe: PASS" AND the
    marker string "sponge-boot-marker-v1". A bare exit 0 or a garbage
    PASS line does not match.
  - The probe prints the actual marker bytes in the PASS line: (22 bytes:
    "sponge-boot-marker-v1."). The QEMU drive attach lines are logged
    above (§2, §3).
  - The marker content is exact-compared (22 bytes, byte-identical to the
    string staged in the run dir). No trailing newline, no padding
    accepted as content.

hung_or_long_commands:
  - Every run_genode_until has a bounded timeout (120s for the success
    gate; the failure-path QEMU used a 90s `timeout` wrapper).
  - The probe calls env.parent().exit() on both PASS and FAIL — it never
    lingers after its check completes.
  - The failure path (§4) shows the probe stopped immediately on ROM
    denial — no silent hang.

stale_state:
  - var/run/sponge-boot was cleaned between every variant run (rm -rf
    var/run/sponge-boot*).
  - The test image is rebuilt fresh each run (image/disk creates a new
    .img from the current run dir contents).
  - bin/nvme_disk.img is created fresh for each NVMe run and cleaned up
    at the end (exec rm -f bin/nvme_disk.img).

================================================================================
7. DELIVERABLES
================================================================================

Files created/modified (NOT committed — per task constraint):

  repos/sponge/src/test/boot_probe/target.mk       (NEW)
  repos/sponge/src/test/boot_probe/main.cc         (NEW)
  repos/sponge/src/test/boot_probe/README.md       (NEW)
  run/sponge-boot.run                              (NEW)
  repos/sponge/run/sponge-boot.run                 (NEW — relative symlink)
  run/README.md                                    (MODIFIED — sponge-boot entry)
  docs/11-environment.md                           (MODIFIED — dde_rump §5 row)
  tool/build.mojo                                  (MODIFIED — dde_rump in
                                                    port_list + REPOSITORIES)
  genode/build/x86_64/etc/build.conf               (MODIFIED — dde_rump in
                                                    managed REPOSITORIES block,
                                                    KERNEL=sel4 BOARD=pc)

Acceptance gates:
  [x] 1. prepare_port dde_rump succeeded; hash in docs/11 §5
  [x] 2. run/sponge-boot.run + symlink + README entry created
  [x] 3. ahci variant: PASS twice (runs 1 + 2)
  [x] 4. nvme variant: PASS (run 1)
  [x] 5. Failure path: bounded (probe stopped, 90s hard timeout) + 
       stage-identified ("cached_fs_rom: /marker.txt not found")
  [x] 6. Variant recommendation: AHCI (rationale in §5)
  [x] 7. Evidence log (this file)

No vendored-tree patches. No existing scenarios modified. No P2+ work.
Not committed.
