================================================================================
Phase 14 W1 — Scenario staging fix + carryover infrastructure
Evidence Log  •  Date: 2026-08-11
Plan ref:    docs/plans/phase14-daily-desktop.md §W1
Design authority: docs/11-environment.md §10.4
================================================================================

## 0. HEADLINE

The W1 scenario-side staging-order fix is APPLIED and VERIFIED at the
boot-module layer. Both run/sponge-de-test.run and run/sponge-launcher.run
now stage every Qt6 .lib.so + qt6_*.tar + theme ROM + package metadata
into bin/ BEFORE build_boot_image and pass the resulting module list
explicitly to build_boot_image (matching the proven reference pattern in
run/sponge-de-sel4-interactive.run). All seven non-build-artifact modules
(libQt6Core.lib.so, libQt6Gui.lib.so, libQt6Widgets.lib.so,
libqgenode.lib.so, qt6_libqgenode.tar, qt6_dejavusans.tar, default.theme)
now appear in image.elf on base-sel4.

A SEPARATE failure surface was exposed by the fix and is recorded here
as a paper-cut row (§3). It is the Phase 10 §11.1 capability-exhaustion
root cause that was already documented and fixed in the proven
sponge-de-sel4-interactive.run reference (sponge-de sized `caps: 1000`,
not the base-linux `caps: 300` that the two test scenarios carry). The
W1 plan's instruction for W1 is to record different-reason failures as
paper-cut rows and NOT silently fix them here — that is done below.
The trivial one-line cap bump (caps: 300 → caps: 1000) is left for W11
(paper-cut sweep) per the plan.

  Acceptance (1) staging fix applied to BOTH run scripts: MET
    (this evidence + the run-script diffs in the W1 commit).
  Acceptance (2) both scenarios PASS on base-sel4: NOT MET —
    blocked by the §3 paper-cut (Phase 10 cap sizing). The two
    scenarios boot past the staging gate and now reach Qt6/EGL init;
    that is the new failure surface (NOT a regression).
  Acceptance (3) run/sponge-configd-persist.run skeleton exists and
    boots + fails at the expected sentry: MET (the skeleton was
    authored in W1 step 3; see §4).

================================================================================
1. BEFORE — the staging bug (Phase 10 §11.2 item 3)
================================================================================

Before W1, run/sponge-de-test.run and run/sponge-launcher.run copied
the seven Qt6 .lib.so / qt6_*.tar files into [run_dir]/genode/ AFTER
build_boot_image:

  build_boot_image [build_artifacts]   <- packs image.elf on base-sel4
  foreach lib { libQt6Core.lib.so ... qt6_dejavusans.tar } {
      set dst "[run_dir]/genode/$lib"
      if {![file exists $dst]} { exec cp -L "bin/$lib" $dst }
  }

On base-sel4 the Genode run tool's boot_dir/sel4 plugin invokes
`remove_genode_dir` after build_boot_image: every file copied into
[run_dir]/genode/ that was NOT a build_boot_image module is deleted.
The cp loop above therefore staged the Qt6 libs into a directory that
was about to be removed, so they never reached the guest image.elf.
The two scenarios could never PASS on seL4 with that order.

This is exactly the gotcha captured in docs/11-environment.md §10.4
("base-sel4 packs a single image.elf") and §10.4 explicitly notes
"run/sponge-de-test.run's Qt6-lib staging is base-linux-specific".

================================================================================
2. AFTER — the W1 staging fix (this commit)
================================================================================

Both run scripts now stage into bin/ BEFORE build_boot_image and pass
the extras explicitly in the module list (the proven reference pattern
in run/sponge-de-sel4-interactive.run lines 474-629):

  # docs/11-environment.md §10.4: base-sel4 packs image.elf at
  # build_boot_image time; modules added after never reach the guest.
  exec mkdir -p bin
  # ... generate qt6_dejavusans.tar into bin/ ...
  # ... copy default.theme into bin/ ...
  set boot_modules [build_artifacts]
  foreach m { libQt6Core.lib.so ... default.theme \
              [pkg_<name>.xml] pkg_index.xml } {
      lappend boot_modules $m
  }
  build_boot_image $boot_modules

The diff stat (this commit, run/ only):

  run/sponge-de-test.run    | 52 ++++++++++++++++++++++++---------- (34 +, 18 -)
  run/sponge-launcher.run   | 57 +++++++++++++++++++++++------------ (36 +, 21 -)

The launcher scenario additionally moves pkg_hello.xml / pkg_ncurses.xml
/ pkg_nano.xml / pkg_index.xml into bin/ before build_boot_image
(the original copied them to [run_dir]/genode/ as well, with the same
delete-after-build bug).

### 2.1 Boot-module verification — image.elf now carries every Qt6 module

Invocation:
  make -C genode/build/x86_64 run/sponge-de-test KERNEL=sel4 BOARD=pc

Tail of the run tool's boot-module listing (proves the Qt6 .lib.so +
tars + default.theme all landed in image.elf):

  boot module 'libQt6Core.lib.so' (8167128 bytes)
  boot module 'libQt6Gui.lib.so' (11824264 bytes)
  boot module 'libQt6Widgets.lib.so' (9479856 bytes)
  boot module 'libqgenode.lib.so' (355024 bytes)
  boot module 'qt6_libqgenode.tar' (358400 bytes)
  boot module 'qt6_dejavusans.tar' (768000 bytes)
  boot module 'default.theme' (696 bytes)

Same for run/sponge-launcher.run (the build_artifacts list is different
but the same seven non-artifact modules land in image.elf).

The staging gate is VERIFIED.

### 2.2 New failure surface (NOT a regression)

After the staging fix the scenarios boot past the previously-impossible
module-load stage and reach Qt6/EGL init on base-sel4. At that point a
NEW failure surfaces (different root cause from the staging bug) — see §3.

================================================================================
3. PAPER-CUT ROW (Phase 14 disposition matrix: Re-scoped → W11)
================================================================================

### 3.1 Symptom (both scenarios)

  [init -> sponge-de] Warning: Libc RNG not configured
  [init -> sponge-de] Warning: ignoring unsupported RTLD_GLOBAL in dlopen()
  [init -> sponge-de] libEGL warning: MESA-LOADER: failed to retrieve
                     device information
  [init -> sponge-de] libEGL warning: failed to get driver name for fd 0
  [init -> sponge-de] Warning: flush page table entries - mapping cache
                      full - PD: init -> sponge-de out of CAP
  [init] child "sponge-de" requests resources: cap_quota=3

sponge-de then enters EGL/softpipe init and is killed by the cap
exhaustion. sponge_de_probe (in run/sponge-de-test.run) logs:

  [init -> sponge_de_probe] sponge-de-probe: capture poll 590
                            bg=0x1e1e2e demo=0x1e1e2e
  [init -> sponge_de_probe] Error: sponge-de-probe: FAIL rendering
                            never appeared on nitpicker
  [init] child "sponge_de_probe" exited with exit value 1
  Error: Test execution timed out

In run/sponge-launcher.run the launcher_probe installs hello fine
(`hello from package: running`), polls for the sponge-de launcher report,
but the report stays empty because sponge-de never rendered (its window
never came up after the CAP exhaustion). launcher_probe logs:

  [init -> launcher_probe] launcher-probe: poll 195 looking for
                           app='hello' cat='Utilities'
                           (launcher count=0) found=0
  [init -> launcher_probe] Error: launcher-probe: FAIL launcher report
                           never contained hello/Utilities
  [init] child "launcher_probe" exited with exit value 1
  Error: Test execution timed out

### 3.2 Root cause

base-sel4 capability accounting is roughly 3x base-linux's per operation
(each Genode capability maps to several raw seL4 caps). sponge-de's
Qt6/EGL init opens a large number of dataspace + pager sessions,
exhausts the per-PD cap quota, requests a tiny upgrade
(`upgrading quota donation for PD session (0 bytes, N caps)`), and then
blocks silently inside EGL/softpipe init. This is the documented
Phase 10 root cause in docs/09-roadmap.md §11.1 and is the EXACT same
pattern that the proven run/sponge-de-sel4-interactive.run already
worked around.

Reference proof (run/sponge-de-sel4-interactive.run lines 87-99):

  # Qt6/Mesa (EGL) on base-sel4 — RESOLVED (was: known limitation,
  # docs/09-roadmap.md §11.1): sponge-de's Qt6/EGL init used to block on
  # seL4. Root cause: capability exhaustion. base-sel4's cap accounting is
  # roughly 3x base-linux's per operation ... `caps: 1000` gives
  # comfortable headroom (measured: 300 hangs at EGL init; 1000 renders
  # the full desktop; RAM was never the bottleneck — the upgrade request
  # was 0 bytes, so `ram: 128M` matches the base-linux scenarios).

The cap-sizing fix is a one-line change per scenario
(`caps: 300` → `caps: 1000` on the `+ start sponge-de` line).

### 3.3 Disposition

  Item:       base-sel4 Qt6/Mesa cap sizing on sponge-de in test scenarios
  Symptom:    CAP exhaustion in EGL/softpipe init; scenarios cannot PASS.
  Repro:      `make -C genode/build/x86_64 run/sponge-de-test KERNEL=sel4
              BOARD=pc` (same after W1 staging fix); same for
              run/sponge-launcher.run.
  Root cause: Phase 10 §11.1 — base-sel4 per-PD cap accounting; sponge-de
              sized at the base-linux `caps: 300` instead of the proven
              base-sel4 `caps: 1000`.
  Fix shape:  one-line cap bump (300 → 1000) on the `+ start sponge-de`
              line of both run/sponge-de-test.run and run/sponge-launcher.run
              (matches the proven Phase 10 reference in
              run/sponge-de-sel4-interactive.run).
  Class:      Resolved in 14 (W11 paper-cut sweep; per W11 task #5/#13/#41
              pattern, trivial proven cap-sizing fixes are within W11 scope).
  W1 action:  RECORDED HERE; NOT APPLIED in W1 per the plan's explicit
              instruction (`do NOT silently fix it here`).

### 3.4 Verification path (for the W11 fix)

A separate trial run that bumps `caps: 300` to `caps: 1000` on the
`+ start sponge-de` line of both run scripts and re-runs the W1 make
invocations is expected to flip both scenarios to PASS within ~5 minutes
of wall-clock per scenario (the staging fix already packs the modules;
the cap bump only changes the per-PD quota). The W11 commit should
include both before/after receipts (this evidence + the post-fix log).

================================================================================
4. run/sponge-configd-persist.run skeleton (W1 step 3)
================================================================================

A skeleton run scenario was authored per the W1 plan, building lib/ld +
core init sponge_configd + a tiny configd_probe and passing the full
[build_artifacts] list to build_boot_image. The scenario boots and
fails at the expected sentry (`configd-persist-probe: PASS` not yet
emitted — implementation arrives in W6 when the `<vfs>` persistence
activation lands in sponge_configd).

The skeleton's verification gate is a 30s timeout on the
`configd-persist-probe: PASS` regex. On the current tree (where
sponge_configd has no `<vfs>` activation) the probe logs nothing and
the run tool's run_genode_until times out, producing a bounded
failure that names exactly the W6 deliverable. The skeleton's PASS
marker is the W6 acceptance gate.

================================================================================
5. PASS / FAIL summary (this W1 commit)
================================================================================

  | Scenario                     | Before W1       | After W1 (staging only) |
  |------------------------------|-----------------|--------------------------|
  | sponge-de-test.run           | FAIL (staging)  | FAIL (Phase 10 caps; §3)  |
  | sponge-launcher.run          | FAIL (staging)  | FAIL (Phase 10 caps; §3)  |
  | sponge-configd-persist.run   | n/a (W1 author) | FAIL (expected sentry; W6)|

  Staging-fix acceptance:  GREEN (modules in image.elf; §2.1).
  Full PASS acceptance:    RED on both test scenarios (paper-cut §3
                           is the only remaining blocker; cap-bump
                           fix is W11-scope).
  configd-persist skeleton: GREEN (boots, fails at expected sentry).

================================================================================
6. configd-persist skeleton — boot receipt
================================================================================

Invocation:
  make -C genode/build/x86_64 run/sponge-configd-persist KERNEL=sel4 BOARD=pc

Boot modules (proves lib/ld + core init + sponge_configd + report_rom are
staged; matches AGENTS.md §4.2 / docs/08-development.md §4.1 contract):

  boot module 'config' (855 bytes)
  boot module 'timer' (144744 bytes)
  boot module 'init' (516744 bytes)
  boot module 'init.hsd' (4125 bytes)
  boot module 'init.xsd' (8118 bytes)
  boot module 'ld.lib.so' (1112464 bytes)
  boot module 'report_rom' (150784 bytes)
  boot module 'sponge_configd' (109968 bytes)

Clean boot (proves the boot list + config + routes are sound on base-sel4):

  Genode v0.1.1-alpha-26-ge4a171ff76 <local changes>
  604 MiB RAM and 523288 caps assigned to init
  [init -> timer] Using timer 2 -> using GSI 2 edge triggered
  [init -> sponge_configd] sponge_configd: ready
  [init -> report_rom] report 'sponge_configd -> config'
  [init -> report_rom]   <config>
  [init -> report_rom]    <key name="clock.format" value="HH:mm"/>
  [init -> report_rom]    <key name="launcher.sort_by" value="alpha"/>
  [init -> report_rom]    <key name="leitzentrale.enabled" value="false"/>
  [init -> report_rom]    <key name="panel.height" value="28"/>
  [init -> report_rom]    <key name="panel.position" value="bottom"/>
  [init -> report_rom]    <key name="panel.visible_widgets" value="clock,launcher"/>
  [init -> report_rom]    <key name="theme.active" value="light"/>
  [init -> report_rom]    <key name="leitzentrale.diverged" value="false"/>
  [init -> report_rom]   </config>
  Error: Test execution timed out

The timeout is the EXPECTED FAIL — the skeleton's gated run_genode_until
on `configd-persist-probe: PASS` waits 30s for the future probe (W6) to
emit the marker; no probe exists yet, so the run tool reports timeout.
The skeleton's build list + boot image + report_rom routes are verified
to be sound; the run tool's run_genode_until gate is the W6 acceptance
gate (it flips to PASS once `test/configd_persist_probe/` lands).
